******************************************************************************
               TMS320C6x Linker PC v7.3.4                      
******************************************************************************
>> Linked Thu Oct 15 16:08:01 2020

OUTPUT FILE NAME:   <Open_Loop_mini.out>
ENTRY POINT SYMBOL: "_c_int00"  address: 00859ac0


MEMORY CONFIGURATION

         name            origin    length      used     unused   attr    fill
----------------------  --------  ---------  --------  --------  ----  --------
  L2                    00800000   000f0000  0005a188  00095e78  RWIX
  L1P                   00e00000   00008000  00000000  00008000  RWIX
  L1D                   00f00000   00008000  00000000  00008000  RWIX
  DDR                   e0000000   10000000  00000000  10000000  RWIX


SECTION ALLOCATION MAP

 output                                  attributes/
section   page    origin      length       input sections
--------  ----  ----------  ----------   ----------------
.data      0    00800000    00000000     UNINITIALIZED

.far       0    00800000    0004b0c0     UNINITIALIZED
                  00800000    00049ee0     stim_pattern.obj (.far)
                  00849ee0    00000820     Device_lib.obj (.far)
                  0084a700    000004a0     global.obj (.far)
                  0084aba0    00000400     irq.obj (.far)
                  0084afa0    000000f0     stimulation.obj (.far)
                  0084b090    0000000e     main.obj (.far)
                  0084b09e    00000002     --HOLE--
                  0084b0a0    0000000c     rts64plus.lib : exit.obj (.far)
                  0084b0ac    00000008                   : _lock.obj (.far)
                  0084b0b4    00000004     --HOLE--
                  0084b0b8    00000008                   : rand.obj (.far)

.stack     0    0084b0c0    0000a000     UNINITIALIZED
                  0084b0c0    00000008     rts64plus.lib : boot.obj (.stack)
                  0084b0c8    00009ff8     --HOLE--

.text      0    008550c0    00004ba0     
                  008550c0    000010a0     stim_pattern.obj (.text)
                  00856160    00001040     Device_lib.obj (.text)
                  008571a0    00000fa0     stimulation.obj (.text)
                  00858140    00000a00     main.obj (.text)
                  00858b40    000003a0     pattern_full.obj (.text)
                  00858ee0    00000260     DSP.obj (.text)
                  00859140    000001e0     pattern_circle.obj (.text)
                  00859320    00000140     time.obj (.text)
                  00859460    00000120     led.obj (.text)
                  00859580    00000100     rts64plus.lib : autoinit.obj (.text:__auto_init)
                  00859680    000000e0                   : exit.obj (.text:_exit)
                  00859760    000000e0                   : memset.obj (.text:_memset)
                  00859840    000000c0                   : remi.obj (.text:__remi)
                  00859900    000000a0                   : cpy_tbl.obj (.text:_copy_in)
                  008599a0    000000a0                   : memcpy64.obj (.text:_memcpy)
                  00859a40    00000080                   : rand.obj (.text:_rand)
                  00859ac0    00000060                   : boot.obj (.text:_c_int00)
                  00859b20    00000060     irq.obj (.text:retain)
                  00859b80    00000040     rts64plus.lib : args_main.obj (.text:__args_main)
                  00859bc0    00000040                   : strasg.obj (.text:__strasgi_64plus)
                  00859c00    00000020                   : _lock.obj (.text:__nop)
                  00859c20    00000020                   : exit.obj (.text:_abort)
                  00859c40    00000020     intvecs.obj (.text)

.cinit     0    00859c60    000001c4     
                  00859c60    000000f8     stimulation.obj (.cinit)
                  00859d58    0000002c     rts64plus.lib : exit.obj (.cinit)
                  00859d84    00000004     --HOLE-- [fill = 0]
                  00859d88    0000001c     DSP.obj (.cinit)
                  00859da4    00000004     --HOLE-- [fill = 0]
                  00859da8    0000001c     irq.obj (.cinit)
                  00859dc4    00000004     --HOLE-- [fill = 0]
                  00859dc8    0000001c     rts64plus.lib : _lock.obj (.cinit)
                  00859de4    00000004     --HOLE-- [fill = 0]
                  00859de8    00000016     main.obj (.cinit)
                  00859dfe    00000002     --HOLE-- [fill = 0]
                  00859e00    00000010     rts64plus.lib : rand.obj (.cinit)
                  00859e10    0000000c     Device_lib.obj (.cinit)
                  00859e1c    00000004     --HOLE-- [fill = 0]
                  00859e20    00000004     (.pad.cinit) [fill = 0]

.const     0    00859e28    000000bc     
                  00859e28    00000040     stimulation.obj (.const:_$P$T0$1)
                  00859e68    0000003c     pattern_circle.obj (.const:_$P$T0$1)
                  00859ea4    00000004     --HOLE-- [fill = 0]
                  00859ea8    0000003c     pattern_full.obj (.const:_$P$T0$1)

.bss       0    00859ee8    00000068     UNINITIALIZED
                  00859ee8    0000001c     stim_pattern.obj (.bss)
                  00859f04    00000018     global.obj (.bss)
                  00859f1c    00000018     irq.obj (.bss)
                  00859f34    00000008     DSP.obj (.bss)
                  00859f3c    00000008     Device_lib.obj (.bss)
                  00859f44    00000004     stimulation.obj (.bss)
                  00859f48    00000008     time.obj (.bss)

.switch    0    00859f50    00000040     
                  00859f50    00000040     stimulation.obj (.switch:_transformElectrodes)

.intvecs   0    0085a000    00000200     
                  0085a000    00000200     intvecs.obj (.intvecs)


GLOBAL SYMBOLS: SORTED ALPHABETICALLY BY Name 

address    name
--------   ----
00859ee8   $bss
00859ee8   .bss
00800000   .data
008550c0   .text
00859c20   C$$EXIT
00857bc4   _AddDataPoint
00859f3c   _ChannelsPerSweepConfigured
00857b8c   _ClearChannel
0084ab60   _DAC_select
00856fc0   _MEA21_enableData
00856f64   _MEA21_init
00849ee0   _MeaData
0084a6e0   _MonitorData
00859f34   _SCU1_BEING_USED
00859f38   _SCU2_BEING_USED
00856ef4   _SetMonitorSize
00857b2c   _SetSegment
00857dcc   _SetupTrigger
00859f0c   _StimAmplitude
00859f10   _StimDuration
00859f14   _StimRepeats
00859f18   _StimStepsize
0084ab20   _StimulusEnable
00857ca4   _UploadBiphaseRect
008550c0   __STACK_END
0000a000   __STACK_SIZE
00000001   __TI_args_main
0084b0a8   ___TI_enable_exit_profile_output
ffffffff   ___TI_pprof_out_hndl
ffffffff   ___TI_prof_data_size
ffffffff   ___TI_prof_data_start
ffffffff   ___binit__
00859ee8   ___bss__
ffffffff   ___c_args__
00859c60   ___cinit__
00800000   ___data__
00800000   ___edata__
00859f50   ___end__
00859c60   ___etext__
ffffffff   ___pinit__
008550c0   ___text__
00859b80   __args_main
00859580   __auto_init
00859840   __c6xabi_remi
00859bc0   __c6xabi_strasgi_64plus
0084b0a0   __cleanup_ptr
0084b0a4   __dtors_ptr
0084b0ac   __lock
00859c00   __nop
00859840   __remi
0084b0c0   __stack
00859bc0   __strasgi_64plus
0084b0b0   __unlock
00859c20   _abort
0084a700   _adc_intern
00859f1c   _aux_value
00859ac0   _c_int00
00800000   _circuit_type
00859900   _copy_in
00859f00   _counter_stimulation
00859f08   _deadtime
00859f40   _devRegs
0084b090   _dsp_version
0084ab40   _elec_config
0084afa0   _electrode_encoding
00859f48   _epic_time
00859680   _exit
00855b20   _get_single_stimulation_pattern
00856080   _get_stimulation_pattern
00858f80   _init
00856ee0   _init_cache
00856cac   _init_ddr2
0085698c   _init_dma
00856794   _init_emifa
008566e8   _init_gpio
00856670   _init_irq
00856420   _init_pll1
00856418   _init_pll2
00856274   _init_qdma
008561a4   _init_timer
0085a000   _intcVectorTable
00859ef8   _inter_spike_period
00859b28   _interrupt6
00859b20   _interrupt8
0084ada0   _last_tr_cross
008594c0   _led_channel
008594f8   _led_inform_dsp_ready
0085948c   _led_init
00859460   _led_status
00858140   _main
008599a0   _memcpy
00859760   _memset
00859efc   _multi_pattern
00800020   _num_circuits
00800040   _num_electrodes
00859ee8   _num_stim
0084aba0   _num_tr_cross
00859140   _pattern_circle_init
00858b40   _pattern_full_init
00859ef0   _period_us
00859a40   _rand
00859eec   _random_pattern
00858ee0   _reset_mailbox
00855260   _set_network_type
008576ec   _set_stimulation_registers
00857d28   _setup_all_pulses
00859f44   _stim_length
008552cc   _stim_pattern_init
00800060   _stim_patterns
0085809c   _stimulation_clear
00857e88   _stimulation_init
008551b0   _stimulation_pattern_lower_update
00855110   _stimulation_pattern_upper_update
008550c0   _stimulation_probability_update
00857984   _stimulation_single_electrode
00857930   _stimulation_trigger
00859f04   _threshold
00859418   _timer_delay_ms
00859380   _timer_delay_us
00856160   _timer_setperiod
00859320   _timer_short_wait
008571a0   _transformElectrodes
ffffffff   binit
00859c60   cinit
00800000   edata
00859f50   end
00859c60   etext
ffffffff   pinit


GLOBAL SYMBOLS: SORTED BY Symbol Address 

address    name
--------   ----
00000001   __TI_args_main
0000a000   __STACK_SIZE
00800000   .data
00800000   ___data__
00800000   ___edata__
00800000   _circuit_type
00800000   edata
00800020   _num_circuits
00800040   _num_electrodes
00800060   _stim_patterns
00849ee0   _MeaData
0084a6e0   _MonitorData
0084a700   _adc_intern
0084ab20   _StimulusEnable
0084ab40   _elec_config
0084ab60   _DAC_select
0084aba0   _num_tr_cross
0084ada0   _last_tr_cross
0084afa0   _electrode_encoding
0084b090   _dsp_version
0084b0a0   __cleanup_ptr
0084b0a4   __dtors_ptr
0084b0a8   ___TI_enable_exit_profile_output
0084b0ac   __lock
0084b0b0   __unlock
0084b0c0   __stack
008550c0   .text
008550c0   __STACK_END
008550c0   ___text__
008550c0   _stimulation_probability_update
00855110   _stimulation_pattern_upper_update
008551b0   _stimulation_pattern_lower_update
00855260   _set_network_type
008552cc   _stim_pattern_init
00855b20   _get_single_stimulation_pattern
00856080   _get_stimulation_pattern
00856160   _timer_setperiod
008561a4   _init_timer
00856274   _init_qdma
00856418   _init_pll2
00856420   _init_pll1
00856670   _init_irq
008566e8   _init_gpio
00856794   _init_emifa
0085698c   _init_dma
00856cac   _init_ddr2
00856ee0   _init_cache
00856ef4   _SetMonitorSize
00856f64   _MEA21_init
00856fc0   _MEA21_enableData
008571a0   _transformElectrodes
008576ec   _set_stimulation_registers
00857930   _stimulation_trigger
00857984   _stimulation_single_electrode
00857b2c   _SetSegment
00857b8c   _ClearChannel
00857bc4   _AddDataPoint
00857ca4   _UploadBiphaseRect
00857d28   _setup_all_pulses
00857dcc   _SetupTrigger
00857e88   _stimulation_init
0085809c   _stimulation_clear
00858140   _main
00858b40   _pattern_full_init
00858ee0   _reset_mailbox
00858f80   _init
00859140   _pattern_circle_init
00859320   _timer_short_wait
00859380   _timer_delay_us
00859418   _timer_delay_ms
00859460   _led_status
0085948c   _led_init
008594c0   _led_channel
008594f8   _led_inform_dsp_ready
00859580   __auto_init
00859680   _exit
00859760   _memset
00859840   __c6xabi_remi
00859840   __remi
00859900   _copy_in
008599a0   _memcpy
00859a40   _rand
00859ac0   _c_int00
00859b20   _interrupt8
00859b28   _interrupt6
00859b80   __args_main
00859bc0   __c6xabi_strasgi_64plus
00859bc0   __strasgi_64plus
00859c00   __nop
00859c20   C$$EXIT
00859c20   _abort
00859c60   ___cinit__
00859c60   ___etext__
00859c60   cinit
00859c60   etext
00859ee8   $bss
00859ee8   .bss
00859ee8   ___bss__
00859ee8   _num_stim
00859eec   _random_pattern
00859ef0   _period_us
00859ef8   _inter_spike_period
00859efc   _multi_pattern
00859f00   _counter_stimulation
00859f04   _threshold
00859f08   _deadtime
00859f0c   _StimAmplitude
00859f10   _StimDuration
00859f14   _StimRepeats
00859f18   _StimStepsize
00859f1c   _aux_value
00859f34   _SCU1_BEING_USED
00859f38   _SCU2_BEING_USED
00859f3c   _ChannelsPerSweepConfigured
00859f40   _devRegs
00859f44   _stim_length
00859f48   _epic_time
00859f50   ___end__
00859f50   end
0085a000   _intcVectorTable
ffffffff   ___TI_pprof_out_hndl
ffffffff   ___TI_prof_data_size
ffffffff   ___TI_prof_data_start
ffffffff   ___binit__
ffffffff   ___c_args__
ffffffff   ___pinit__
ffffffff   binit
ffffffff   pinit

[128 symbols]
